================================================================================
  MEDBRIDGE XGBOOST HYPERPARAMETER TUNING — PHASE 1: LEARNING RATE
================================================================================
  Date              : 2026-07-14 14:32:17
  Dataset           : demand_features.csv
  Training rows     : 5,264
  Validation rows   : 1,612
  Test rows         : 1,184
  Features          : 42
  Target            : target_demand (log1p transformed)
  Max estimators    : 3,500
  Early stopping    : 60 rounds
  Tree method       : hist
  Hardware          : Apple M3 Pro, 18 GB RAM
================================================================================

[14:32:17] Loading features...
[14:32:17] Encoding categorical columns...
[14:32:18] Splitting train/val/test...
[14:32:18] Starting grid search over 5 learning rates...
-----------------------------------------------------------------------

-----------------------------------------------------------------------
  RUN 1/5 — learning_rate = 0.30
-----------------------------------------------------------------------
[14:32:18] Training XGBRegressor (lr=0.30, max_depth=8, subsample=1.0, colsample=1.0)...
[14:32:37] Training complete. Best iteration: 137
[14:32:37]   Validation MAE   : 58.42
[14:32:37]   Validation sMAPE : 24.81%
[14:32:37]   Validation R²    : 0.792
[14:32:37]   Training time    : 18.4s

  WARNING: Validation loss started increasing after round 80.
  Indicates overfitting — learning rate too high for this dataset.

-----------------------------------------------------------------------
  RUN 2/5 — learning_rate = 0.10
-----------------------------------------------------------------------
[14:32:37] Training XGBRegressor (lr=0.10, max_dpth=8, subsample=1.0, colsample=1.0)...
[14:33:20] Training complete. Best iteration: 463
[14:33:20]   Validation MAE   : 47.16
14:33:20]   Validaton sMAPE : 20.37%
14:33:20]   Validation R²    : 0.841
14:33:20]   Training time    : 42.7s

  Status: Stable convergence. MAE improved 19.3% over LR=0.30.

-----------------------------------------------------------------------
  RUN 3/5 — laerning_rate = 0.05
-----------------------------------------------------------------------
[14:33:20] Training XGBRegressor (lr=0.05, max_depth=8, subsample=1.0, colsample=1.0)...
[14:34:31] Training complete. Best iteration: 817
[14:34:31]   Validation MAE   : 43.28
[14:34:31]   Validation sMAPE : 18.64%
[14:34:31]   Validation R²    : 0.858
[14:34:31]   Training time    : 71.3s

  Status: Continued improvement. MAE 8.2% better than LR=0.10.

-----------------------------------------------------------------------
  RUN 4/5 — learning_rate = 0.03
-----------------------------------------------------------------------
[14:34:31] Training XGBRegressor (lr=0.03, max_depth=8, subsample=1.0, colsample=1.0)...
[14:36:08] Training complete. Best iteration: 1196
[14:36:08]   Validation MAE   : 40.91
[14:36:08]   Validation sMAPE : 17.52%
[14:36:08]   Valiation R²    : 0.873
[14:36:08]   Training time    : 96.8s

  Status: Strong improvement. MAE 5.5% better than LR=0.05.

-----------------------------------------------------------------------
  RUN 5/5 — learning_rate = 0.01
-----------------------------------------------------------------------
[14:36:08] Training XGBRegresor (lr=0.01, max_depth=8, subsample=1.0, colample=1.0)...
[14:40:20] Training comlete. Best iteration: 3274
[14:40:20]   Validation MAE   : 40.63
[14:40:20]   Validation sMAPE : 17.39%
[14:40:20]   Validation R²   : 0.875
[14:40:20]   Training time    : 251.6s

  Status: Diminishing returns. Ony 0.7% MAE improvement over LR=0.03,
  but 2.6× longer training time.

================================================================================
 ​SUMMARY: LEARNIG RATE GRID SEARCH
================================================================================

  LR        Best Iter     Val MAE     Val sMAPE      Val R²       Time
  ─────────────────────────────────────────────────────────────────────
  0.30          137        58.42        24.81%       0.792       18.4s
  0.10          463        47.16       20.37%       0.841       42.7s
  0.05          817        43.28        18.64%       0.858       71.3s
  0.03         1196        40.91       17.52%       0.873       96.8s
  0.01         3274        40.63        17.39%       0.875      251.6s

─────────────────────────────────────────────────────────────────────────────────

  Best validation MAE : 0.01 (40.63)
  Best validation R²   : 0.01 (0.875)

═══════════════════════════════════════════════════════════════════════

  DECISION: learning_rate = 0.03

  REASONING:
  - LR=0.30 overfits rapidly (val loss degrades after ~80 rounds)
  - LR=0.10 and 0.05 show steady impovement but plateau earlier
  - LR=0.03 gives 97.5% of LR=0.01's final accuracy
    with ony 37% of the training rounds (1,196 vs 3,274)
  - LR=0.01 takes251s for <1% gain — not worth the compute
  - At LR=0.03, the validation loss converges smoothly and holds
    a stable plateau, indicating good generalization

═══════════════════════════════════════════════════════════════════════════

[14:40:21] Phase 1 complete. Proceeding to Phase 2 — Tree Complexity...

================================================================================
  PHASE 2: TREE COMPLXITY (max_depth + min_child_weght)
================================================================================

  Fixed: learning_rate=0.03, subsample=1.0, colsample_bytree=1.0
         reg_lambda=1.0, reg_alpha=0.0

  Results (sorted by Val sMAPE):
  ────────────────────────────────────────────────────────────────────────────
  max_depth  min_child_weight    Best Iter   Val MAE   Val sMAPE    Val R²     Time
  ─────────────────────────────────────────────────────────────────────────────
     6           3              1302       41.33      17.81%     0.868    91.2s
     8           1              1318       41.02      17.63%     0.872    88.7s
     6           1              1287       41.18      17.70%     0.870    87.3s
     6           5              1341       41.42      17.84%     0.867   101.5s
     8           3              1264       40.86      17.58%     0.874   103.4s
     8           5              1289       40.97      17.65%     0.872    97.8s
    10           1              1154       41.63      18.02%     0.865   114.3s
    10           3              1192       41.48      17.92%     0.868   124.6s
    10           5              1237       41.55      17.95%     0.867   119.2s
     4           1              1415       44.38      19.47%     0.841    72.1s
     4           3              1483       44.72      19.61%     0.838    78.6s
     4           5              1521       45.02      19.83%     0.834    85.0s
    12           1               983       42.87      19.11%     0.851   152.7s
    12           3              1024       42.91      19.16%     0.850   171.2s
    12           5              1057       43.04      19.23%     0.848   165.8s
  ────────────────────────────────────────────────────────────────────────────

  SELECTED: max_depth = 8, min_child_weight = 3

  RATIONALE:
  - Depth=4-6: Insufficient capacity — misses interactions among 11
    categorical features (R² 0.838-0.870)
  - Depth=8: Peak accuracy (R² 0.874) with min_child_weight=3
    providing regularization against small-subgroup splits
  - Depth=10-12: Starts overfitting — R² drops to 0.865-0.851
    despite more parameters and longer training
  - min_child_weight=1 (deault) works but 3 gives better regularization
  - min_child_weght=5 is too aggressive — loses real patterns
═══════════════════════════════════════════════════════════════════════════

[14:42:04] Phase 2 complete. Proceeding to Phase 3 — Regularization...

================================================================================
  PHASE 3: REGULARIZATIO & SAMPLIG
================================================================================

  Fixed: learning_rate=0.03, max_depth=8, min_child_weight=3

  --- 3A: subsample × colsample_bytree ---

  subsample  colsample_bytree    Val MAE     Val sMAPE      Val R²
  ─────────── ─────────────────────────── ─────────────── ─────────
    0.85          0.85             40.63      17.51%       0.876
    0.85          0.70             40.78      17.63%       0.875
    0.85         1.00             40.71      17.58%       0.874
    1.00          0.70             40.92      17.72%       0.872
    1.00          0.85             40.86      17.68%       0.874
    1.00          1.0              40.91      17.73%       0.873
    0.70          0.85             41.23      17.94%       0.870
    0.70          0.70             41.51      18.13%       0.867
    0.70          1.00             41.45      18.01%       0.868

  --- 3B: L1/L2 Regularization (subsample=0.85, colsample=0.85) ---

  reg_alpha   reg_lambda    Best Iter    Val MAE    Val sMAPE     Val R²
  ────────── ─────────── ──────────── ───────── ────────── ──────────
     0.0         0.0           892      43.14      19.21%      0.856
     0.0          0.5          1084      41.27      17.92%      0.871
     0.0          1.0          1196      40.91      17.73%      0.873
     0.0          1.2          1214      40.78      17.61%      0.875
     0.0          2.0          1286      41.03      17.81%      0.872
     0.0          5.0          1458      41.89      18.34%      0.861
     0.01         1.0          1153      40.84      17.68%      0.874
     0.01         1.2          1188      40.72      17.57%      0.875
     0.01         2.0          1247      40.96      17.76%      0.873
     0.1          1.0          1138      40.88      17.67%      0.874
     0.1          1.2          1165      40.67      17.52%      0.876
     0.1          2.0          1241      40.92      17.74%     0.873
     0.5          1.0         1082       41.34      17.99%      0.869
     0.5          1.2          1123      41.28      17.93%      0.870
     0.5         2.0          1176       41.41      18.05%      0.868

  SELECTED: subsample=0.85, colsample_bytre=0.85, reg_alpha=0.1, reg_lambda=1.2

  RATIONALE:
  - subsample=0.85 > 0.7 or 1.0: Keeps most rows per tree while adding
    diversity; 0.7 loses too much signal from rare medicines
  - colsample_bytree=0.85 > 0.7 or 1.0: Prevents any single feature
    dominating; 0.7 loses too many features per tree
  - reg_lambda=1.2 > default 1.0: Slightly stronger L2 shrinkage
    needed for synthetic data; 2.0+ starts underfitting
  - reg_alpha=0.1: Mild L1 gives implicit feature selecion without
    dominating the L2 shrinkage
═══════════════════════════════════════════════════════════════════════════

[14:48:32] Phase 3 complete.

================================================================================
  FINAL MODEL — TEST SET PERFORMANCE
================================================================================

  Training XGBRegresor with selected parms...
  [14:48:32]   learning_rate     = 0.03
  [14:48:32]   max_depth         = 8
  [14:48:32]   min_child_weght   = 3
  [14:48:32]   subsample         = 0.85
  [14:48:32]   colsaple_bytree   = 0.85
  [14:48:32]   colsample_bylevel = 0.85
  [14:48:32]   reg_alpha         = 0.1
  [14:48:32]   reg_lambda        = 1.2
  [14:48:32]   gamma             = 0.0
  [14:48:32]   early_stoping    = 60
  [14:48:32]   tree_method      = hist

[14:48:32] Training finalm odel (log1p target)...
[14:50:07] Training complete. Best iteration: 1,165
[14:50:07]   Best validation MAE   : 40.67
[14:50:07]   Best validation sMAPE : 17.52%
[14:50:07]   Best validation R²    : 0.876

[14:50:07] Evaluating on hold-out test set...
[14:50:08] Test results:

  ─────────────────────────────────────────────────────
  Metric             Train         Valid         Test
  ─────────────────────────────────────────────────────
  R²                 0.892         0.876         0.873
  MAE                34.28         40.67         42.13
  RMSE               71.46         88.94         93.47
  sMAPE (%)          14.83         17.52         17.68
  MAPE_nonzero (%)   19.74         23.41         24.02
  ─────────────────────────────────────────────────────

[14:50:08] Per-demo-hospital test accuracy:

  Hospital         MAE         R²       sMAPE%     n_samples
  ───────────────────────────────────────────────────────────
  DEMO-01 Bir      38.21      0.881      15.93        148
  DEMO-02 TUTH     36.47      0.896      14.81        152
  DEMO-03 BPKM     41.83      0.867      17.44        136
  DEMO-04 NGMC     44.12      0.852      18.67        129
  DEMO-05 POAHS    40.15      0.873      16.95        141
  DEMO-06 Bharat   39.87      0.877      16.42        147
  DEMO-07 JMC      45.08      0.848      19.21        124
  DEMO-08 Seti     43.36      0.859      18.13        132
  ───────────────────────────────────────────────────────────

  Note: Kathmandu hospitals (Bir, TUTH) show best accuracy due
  to larger representation in the Bagmati province training data.

[14:50:08] Computing feature importance...

  Top 15 features:
  ────────────────────────────────────────────────────────────
  Rank  Feature                              Importance
  ────────────────────────────────────────────────────────────
    1   lag_1_demand                           0.1243
    2   lag_2_demand                           0.0987
    3   lag_4_demand                           0.0871
    4   rolling_avg_4wk                        0.0762
    5   bed_capacity                           0.0648
    6   hospital_medicine_demand_mean          0.0589
    7   month                                  0.0521
    8   province_encoded                       0.0447
    9   facility_type_encoded                  0.0412
   10   dosage_form_encoded                    0.0381
   11   category_encoded                        0.0356
   12   day_of_week                             0.0314
   13   rolling_avg_same_med_other_hosp        0.0287
   14   lag_8_demand                            0.0273
   15   week_of_year                            0.0246
  ────────────────────────────────────────────────────────────

  Top 4 features (lag variables + rolling averages) account for
  38.6% of total importance — demand is primarily time-series driven.

[14:50:09] Saving artifacts...
  ✓  Model: artifacts/models/xgb_demand_model.joblib
  ✓  Encoders: artifacts/encoders/label_encoders.joblib
  ✓  Feature importane: atifacts/metrics/featue_imortance.csv
  ✓  Trainng metrics: atifacts/metrics/trainng_metric.json
  ✓  Test rediction sample: atifacts/metrics/test_rediction_samle.csv
  ✓  Training eport: atifacts/metics/TRAINING_REPORT.md

================================================================================
  TUNIG COMPLETE — 2026-07-14 14:50:09
================================================================================

  Final selected parameters:

  Parameter                 Value         Reason
  ──────────────────────────────────────────────────────────────────
  learning_rate             0.03          97.5% of LR=0.01 accuracy
                                          at 37% of the training cost
  max_depth                 8             Sweet spot for 11 categorical
                                          features; 10+ overfits
  min_child_weight          3             Regularization without
                                          losing real patterns
  subsample                 0.85          Diversity without signal loss
  colsample_bytre           0.85          Prevents feature domination
  colsample_bylevel         0.85          Additional within-tree sampling
  reg_alpha (L1)            0.1           Mild feature selection
  reg_lambda (L2)           1.2           Slightly above default for
                                          small dataset shrinkage
  early_stopping_rounds     60            Patient enough for LR=0.03
                                          convergence profile
  tree_method               hist          Fast histogram binning
  random_state              42            Reproducibility

  Model performance summary:
    Test R²  = 0.873  (explains 87.3% of demand variance)
    Test MAE = 42.13  (average error: 42 weekly units per medicine)
    Food for thought: The top 4 features are lags of the target
    itself, confirming that "past demand predicts future demand."
    ============================================================

    exec tunig session: 0:17:52.4
================================================================================